============================= test session starts =============================
platform win32 -- Python 3.11.8, pytest-9.0.2, pluggy-1.6.0 -- C:\Users\ThinkPad T480\AppData\Local\Programs\Python\Python311\python.exe
cachedir: .pytest_cache
rootdir: C:\Users\ThinkPad T480\SiteGen
configfile: pyproject.toml
plugins: anyio-4.13.0, cov-7.1.0
collecting ... collected 24 items

tests/test_config_csv.py::TestParseCsvContent::test_csv_with_keyword_header FAILED [  4%]
tests/test_config_csv.py::TestParseCsvContent::test_csv_with_palavra_chave_header PASSED [  8%]
tests/test_config_csv.py::TestParseCsvContent::test_csv_first_column_fallback PASSED [ 12%]
tests/test_config_csv.py::TestParseCsvContent::test_plain_text_one_per_line PASSED [ 16%]
tests/test_config_csv.py::TestParseCsvContent::test_skips_comments PASSED [ 20%]
tests/test_config_csv.py::TestParseCsvContent::test_skips_blank_lines PASSED [ 25%]
tests/test_config_csv.py::TestParseCsvContent::test_empty_file PASSED    [ 29%]
tests/test_config_csv.py::TestParseCsvContent::test_csv_with_volume_column FAILED [ 33%]
tests/test_config_csv.py::TestParseKeywordCsv::test_utf8_csv FAILED      [ 37%]
tests/test_config_csv.py::TestParseKeywordCsv::test_latin1_csv FAILED    [ 41%]
tests/test_config_csv.py::TestParseKeywordCsv::test_nonexistent_file_returns_empty PASSED [ 45%]
tests/test_validator_full.py::TestValidateSite::test_valid_site_returns_all_valid PASSED [ 50%]
tests/test_validator_full.py::TestValidateSite::test_counts_total_words PASSED [ 54%]
tests/test_validator_full.py::TestValidateSite::test_detects_errors PASSED [ 58%]
tests/test_validator_full.py::TestValidateSite::test_empty_directory PASSED [ 62%]
tests/test_validator_full.py::TestValidateSite::test_stats_has_required_keys PASSED [ 66%]
tests/test_validator_full.py::TestValidatePage::test_placeholder_in_meta_description PASSED [ 70%]
tests/test_validator_full.py::TestValidatePage::test_missing_h1_is_warning PASSED [ 75%]
tests/test_validator_full.py::TestValidatePage::test_config_vars_detected PASSED [ 79%]
tests/test_validator_full.py::TestValidatePage::test_low_word_count_warning PASSED [ 83%]
tests/test_validator_full.py::TestValidatePage::test_few_internal_links_warning PASSED [ 87%]
tests/test_validator_full.py::TestGenerateReport::test_report_contains_empresa PASSED [ 91%]
tests/test_validator_full.py::TestGenerateReport::test_report_saves_file PASSED [ 95%]
tests/test_validator_full.py::TestGenerateReport::test_report_with_retries PASSED [100%]

================================== FAILURES ===================================
______________ TestParseCsvContent.test_csv_with_keyword_header _______________
tests\test_config_csv.py:10: in test_csv_with_keyword_header
    assert result == ['limpeza de sofß', 'higienizaþÒo']
E   AssertionError: assert [] == ['limpeza de ...higienizaþÒo']
E     
E     Right contains 2 more items, first extra item: 'limpeza de sofß'
E     
E     Full diff:
E     + []
E     - [
E     -     'limpeza de sofß',
E     -     'higienizaþÒo',
E     - ]
_______________ TestParseCsvContent.test_csv_with_volume_column _______________
tests\test_config_csv.py:44: in test_csv_with_volume_column
    assert result == ['limpeza', 'piso']
E   AssertionError: assert [] == ['limpeza', 'piso']
E     
E     Right contains 2 more items, first extra item: 'limpeza'
E     
E     Full diff:
E     + []
E     - [
E     -     'limpeza',
E     -     'piso',
E     - ]
______________________ TestParseKeywordCsv.test_utf8_csv ______________________
tests\test_config_csv.py:52: in test_utf8_csv
    assert len(result) == 2
E   AssertionError: assert 3 == 2
E    +  where 3 = len(['Keyword', 'limpeza de sofß', 'higienizaþÒo'])
_____________________ TestParseKeywordCsv.test_latin1_csv _____________________
tests\test_config_csv.py:59: in test_latin1_csv
    assert len(result) == 1
E   AssertionError: assert 2 == 1
E    +  where 2 = len(['Keyword', 'limpeza de sofß'])
=========================== short test summary info ===========================
FAILED tests/test_config_csv.py::TestParseCsvContent::test_csv_with_keyword_header
FAILED tests/test_config_csv.py::TestParseCsvContent::test_csv_with_volume_column
FAILED tests/test_config_csv.py::TestParseKeywordCsv::test_utf8_csv - Asserti...
FAILED tests/test_config_csv.py::TestParseKeywordCsv::test_latin1_csv - Asser...
======================== 4 failed, 20 passed in 0.60s =========================
